-- ******* ---- .> task events: OFF (enable -E to monitor tasks in this worker)
--- ***** ----- 
 -------------- [queues]
                .> celery           exchange=celery(direct) key=celery
                

[tasks]
  . screening.tasks.run_screening
  . screening.tasks.test_task

[2025-05-25 12:40:54,770: INFO/MainProcess] Connected to redis://redis:6379/0
[2025-05-25 12:40:54,775: INFO/MainProcess] mingle: searching for neighbors
[2025-05-25 12:40:55,786: INFO/MainProcess] mingle: all alone
[2025-05-25 12:40:55,826: INFO/MainProcess] celery@bd47e3f77390 ready.
[2025-05-25 12:40:56,978: INFO/MainProcess] Task screening.tasks.run_screening[1017b600-f7d0-4add-afcb-71456537f9c2] received
[2025-05-25 12:40:56,982: WARNING/ForkPoolWorker-16] time.struct_time(tm_year=2025, tm_mon=5, tm_mday=25, tm_hour=12, tm_min=40, tm_sec=56, tm_wday=6, tm_yday=145, tm_isdst=0) - Start screening for candidate with id: 4b292381-c3b6-4ecd-986b-9b5b18f19a06
[2025-05-25 12:40:57,035: INFO/MainProcess] Task screening.tasks.run_screening[1017b600-f7d0-4add-afcb-71456537f9c2] received
[2025-05-25 12:40:57,052: INFO/ForkPoolWorker-16] Task screening.tasks.run_screening[1017b600-f7d0-4add-afcb-71456537f9c2] retry: Retry in 180s: TypeError("'>' not supported between instances of 'QuerySet' and 'int'")
[2025-05-25 12:41:00,531: INFO/MainProcess] Task screening.tasks.run_screening[ca47ee81-0511-40cb-b27b-4e1179e4ca69] received
[2025-05-25 12:41:00,532: WARNING/ForkPoolWorker-16] time.struct_time(tm_year=2025, tm_mon=5, tm_mday=25, tm_hour=12, tm_min=41, tm_sec=0, tm_wday=6, tm_yday=145, tm_isdst=0) - Start screening for candidate with id: 6f9f68d8-63e1-49a9-ad7c-f042d6aec60b
[2025-05-25 12:41:00,552: INFO/MainProcess] Task screening.tasks.run_screening[ca47ee81-0511-40cb-b27b-4e1179e4ca69] received
[2025-05-25 12:41:00,563: INFO/ForkPoolWorker-16] Task screening.tasks.run_screening[ca47ee81-0511-40cb-b27b-4e1179e4ca69] retry: Retry in 180s: TypeError("'>' not supported between instances of 'QuerySet' and 'int'")
/usr/local/lib/python3.12/site-packages/celery/platforms.py:841: SecurityWarning: You're running the worker with superuser privileges: this is
absolutely not recommended!

Please specify a different user using the --uid option.

User information: uid=0 euid=0 gid=0 egid=0

  warnings.warn(SecurityWarning(ROOT_DISCOURAGED.format(
 
 -------------- celery@bd47e3f77390 v5.5.2 (immunity)
--- ***** ----- 
-- ******* ---- Linux-5.15.167.4-microsoft-standard-WSL2-x86_64-with-glibc2.36 2025-05-25 12:42:10
- *** --- * --- 
- ** ---------- [config]
- ** ---------- .> app:         app:0x7f4769865160
- ** ---------- .> transport:   redis://redis:6379/0
- ** ---------- .> results:     redis://redis:6379/0
- *** --- * --- .> concurrency: 20 (prefork)
-- ******* ---- .> task events: OFF (enable -E to monitor tasks in this worker)
--- ***** ----- 
 -------------- [queues]
                .> celery           exchange=celery(direct) key=celery
                

[tasks]
  . screening.tasks.run_screening
  . screening.tasks.test_task

[2025-05-25 12:42:11,480: INFO/MainProcess] Connected to redis://redis:6379/0
[2025-05-25 12:42:11,483: INFO/MainProcess] mingle: searching for neighbors
[2025-05-25 12:42:12,491: INFO/MainProcess] mingle: all alone
[2025-05-25 12:42:12,521: INFO/MainProcess] celery@bd47e3f77390 ready.
[2025-05-25 12:42:19,078: INFO/MainProcess] Task screening.tasks.run_screening[4d48188a-0269-4dc3-befb-2337c12e289b] received
[2025-05-25 12:42:19,080: WARNING/ForkPoolWorker-16] time.struct_time(tm_year=2025, tm_mon=5, tm_mday=25, tm_hour=12, tm_min=42, tm_sec=19, tm_wday=6, tm_yday=145, tm_isdst=0) - Start screening for candidate with id: a95e405b-e984-4795-96e8-1bbb072dcd86
[2025-05-25 12:42:19,118: INFO/MainProcess] Task screening.tasks.run_screening[4d48188a-0269-4dc3-befb-2337c12e289b] received
[2025-05-25 12:42:19,139: INFO/ForkPoolWorker-16] Task screening.tasks.run_screening[4d48188a-0269-4dc3-befb-2337c12e289b] retry: Retry in 180s: TypeError("send_to_azure() missing 2 required positional arguments: 'status' and 'screening_result'")
[2025-05-25 12:42:46,786: INFO/MainProcess] Task screening.tasks.run_screening[87a298c3-0fbe-46ae-a681-9238f0e5fc8e] received
[2025-05-25 12:42:46,790: WARNING/ForkPoolWorker-16] time.struct_time(tm_year=2025, tm_mon=5, tm_mday=25, tm_hour=12, tm_min=42, tm_sec=46, tm_wday=6, tm_yday=145, tm_isdst=0) - Start screening for candidate with id: 6c54420b-bab9-46b7-9bdc-281db86e9307
[2025-05-25 12:42:46,815: INFO/MainProcess] Task screening.tasks.run_screening[87a298c3-0fbe-46ae-a681-9238f0e5fc8e] received
[2025-05-25 12:42:46,827: INFO/ForkPoolWorker-16] Task screening.tasks.run_screening[87a298c3-0fbe-46ae-a681-9238f0e5fc8e] retry: Retry in 180s: TypeError("send_to_azure() missing 2 required positional arguments: 'status' and 'screening_result'")
[2025-05-25 12:42:50,053: INFO/MainProcess] Task screening.tasks.run_screening[88515066-b8a2-4993-ad63-616da06363e6] received
[2025-05-25 12:42:50,054: WARNING/ForkPoolWorker-16] time.struct_time(tm_year=2025, tm_mon=5, tm_mday=25, tm_hour=12, tm_min=42, tm_sec=50, tm_wday=6, tm_yday=145, tm_isdst=0) - Start screening for candidate with id: 52f9ea5b-34e5-48c7-9e0f-79b1e5228155
[2025-05-25 12:42:50,081: INFO/MainProcess] Task screening.tasks.run_screening[88515066-b8a2-4993-ad63-616da06363e6] received
[2025-05-25 12:42:50,092: INFO/ForkPoolWorker-16] Task screening.tasks.run_screening[88515066-b8a2-4993-ad63-616da06363e6] retry: Retry in 180s: TypeError("send_to_azure() missing 2 required positional arguments: 'status' and 'screening_result'")
/usr/local/lib/python3.12/site-packages/celery/platforms.py:841: SecurityWarning: You're running the worker with superuser privileges: this is
absolutely not recommended!

Please specify a different user using the --uid option.

User information: uid=0 euid=0 gid=0 egid=0

  warnings.warn(SecurityWarning(ROOT_DISCOURAGED.format(
 
 -------------- celery@bd47e3f77390 v5.5.2 (immunity)
--- ***** ----- 
-- ******* ---- Linux-5.15.167.4-microsoft-standard-WSL2-x86_64-with-glibc2.36 2025-05-25 12:45:03
- *** --- * --- 
- ** ---------- [config]
- ** ---------- .> app:         app:0x7f0cf83fcad0
- ** ---------- .> transport:   redis://redis:6379/0
- ** ---------- .> results:     redis://redis:6379/0
- *** --- * --- .> concurrency: 20 (prefork)
-- ******* ---- .> task events: OFF (enable -E to monitor tasks in this worker)
--- ***** ----- 
 -------------- [queues]
                .> celery           exchange=celery(direct) key=celery
                

[tasks]
  . screening.tasks.run_screening
  . screening.tasks.test_task

[2025-05-25 12:45:04,670: INFO/MainProcess] Connected to redis://redis:6379/0
[2025-05-25 12:45:04,673: INFO/MainProcess] mingle: searching for neighbors
[2025-05-25 12:45:05,686: INFO/MainProcess] mingle: all alone
[2025-05-25 12:45:05,713: INFO/MainProcess] celery@bd47e3f77390 ready.
[2025-05-25 12:45:19,627: INFO/MainProcess] Task screening.tasks.run_screening[3b3d11eb-74d7-44d5-b4cf-12beb69fa7a6] received
[2025-05-25 12:45:19,643: WARNING/ForkPoolWorker-16] time.struct_time(tm_year=2025, tm_mon=5, tm_mday=25, tm_hour=12, tm_min=45, tm_sec=19, tm_wday=6, tm_yday=145, tm_isdst=0) - Start screening for candidate with id: 3356ee50-5a18-46b8-912b-1d18b43d9069
[2025-05-25 12:45:19,696: INFO/MainProcess] Task screening.tasks.run_screening[3b3d11eb-74d7-44d5-b4cf-12beb69fa7a6] received
[2025-05-25 12:45:19,712: INFO/ForkPoolWorker-16] Task screening.tasks.run_screening[3b3d11eb-74d7-44d5-b4cf-12beb69fa7a6] retry: Retry in 180s: TypeError('Object of type Check is not JSON serializable')
[2025-05-25 12:45:29,635: INFO/MainProcess] Task screening.tasks.run_screening[6f222f7a-270c-4f07-bfdc-bec0b90d9ada] received
[2025-05-25 12:45:29,636: WARNING/ForkPoolWorker-16] time.struct_time(tm_year=2025, tm_mon=5, tm_mday=25, tm_hour=12, tm_min=45, tm_sec=29, tm_wday=6, tm_yday=145, tm_isdst=0) - Start screening for candidate with id: af518e6d-1754-408b-a955-909769493238
[2025-05-25 12:45:29,663: INFO/MainProcess] Task screening.tasks.run_screening[6f222f7a-270c-4f07-bfdc-bec0b90d9ada] received
[2025-05-25 12:45:29,676: INFO/ForkPoolWorker-16] Task screening.tasks.run_screening[6f222f7a-270c-4f07-bfdc-bec0b90d9ada] retry: Retry in 180s: TypeError('Object of type Check is not JSON serializable')
/usr/local/lib/python3.12/site-packages/celery/platforms.py:841: SecurityWarning: You're running the worker with superuser privileges: this is
absolutely not recommended!

Please specify a different user using the --uid option.

User information: uid=0 euid=0 gid=0 egid=0

  warnings.warn(SecurityWarning(ROOT_DISCOURAGED.format(
 
 -------------- celery@bd47e3f77390 v5.5.2 (immunity)
--- ***** ----- 
-- ******* ---- Linux-5.15.167.4-microsoft-standard-WSL2-x86_64-with-glibc2.36 2025-05-25 12:47:52
- *** --- * --- 
- ** ---------- [config]
- ** ---------- .> app:         app:0x7ff1d48b95b0
- ** ---------- .> transport:   redis://redis:6379/0
- ** ---------- .> results:     redis://redis:6379/0
- *** --- * --- .> concurrency: 20 (prefork)
-- ******* ---- .> task events: OFF (enable -E to monitor tasks in this worker)
--- ***** ----- 
 -------------- [queues]
                .> celery           exchange=celery(direct) key=celery
                

[tasks]
  . screening.tasks.run_screening
  . screening.tasks.test_task

[2025-05-25 12:47:53,678: INFO/MainProcess] Connected to redis://redis:6379/0
[2025-05-25 12:47:53,681: INFO/MainProcess] mingle: searching for neighbors
[2025-05-25 12:47:54,691: INFO/MainProcess] mingle: all alone
[2025-05-25 12:47:54,724: INFO/MainProcess] celery@bd47e3f77390 ready.
[2025-05-25 12:48:06,045: INFO/MainProcess] Task screening.tasks.run_screening[f462d06f-14ff-4f6b-b254-f381a6d32cb7] received
[2025-05-25 12:48:06,047: WARNING/ForkPoolWorker-16] time.struct_time(tm_year=2025, tm_mon=5, tm_mday=25, tm_hour=12, tm_min=48, tm_sec=6, tm_wday=6, tm_yday=145, tm_isdst=0) - Start screening for candidate with id: 4f42f7b0-fcfd-40d1-8e29-7c2e3ee94732
[2025-05-25 12:48:06,089: INFO/MainProcess] Task screening.tasks.run_screening[f462d06f-14ff-4f6b-b254-f381a6d32cb7] received
[2025-05-25 12:48:06,107: INFO/ForkPoolWorker-16] Task screening.tasks.run_screening[f462d06f-14ff-4f6b-b254-f381a6d32cb7] retry: Retry in 180s: AttributeError("'Candidate' object has no attribute 'update'")
/usr/local/lib/python3.12/site-packages/celery/platforms.py:841: SecurityWarning: You're running the worker with superuser privileges: this is
absolutely not recommended!

Please specify a different user using the --uid option.

User information: uid=0 euid=0 gid=0 egid=0

  warnings.warn(SecurityWarning(ROOT_DISCOURAGED.format(
 
 -------------- celery@bd47e3f77390 v5.5.2 (immunity)
--- ***** ----- 
-- ******* ---- Linux-5.15.167.4-microsoft-standard-WSL2-x86_64-with-glibc2.36 2025-05-25 12:50:16
- *** --- * --- 
- ** ---------- [config]
- ** ---------- .> app:         app:0x7f2e15200dd0
- ** ---------- .> transport:   redis://redis:6379/0
- ** ---------- .> results:     redis://redis:6379/0
- *** --- * --- .> concurrency: 20 (prefork)
-- ******* ---- .> task events: OFF (enable -E to monitor tasks in this worker)
--- ***** ----- 
 -------------- [queues]
                .> celery           exchange=celery(direct) key=celery
                

[tasks]
  . screening.tasks.run_screening
  . screening.tasks.test_task

[2025-05-25 12:50:17,123: INFO/MainProcess] Connected to redis://redis:6379/0
[2025-05-25 12:50:17,127: INFO/MainProcess] mingle: searching for neighbors
[2025-05-25 12:50:18,139: INFO/MainProcess] mingle: all alone
[2025-05-25 12:50:18,171: INFO/MainProcess] celery@bd47e3f77390 ready.
[2025-05-25 12:50:29,621: INFO/MainProcess] Task screening.tasks.run_screening[ff8b04bb-bfb3-403f-a99d-e32651639eb0] received
[2025-05-25 12:50:29,623: WARNING/ForkPoolWorker-16] time.struct_time(tm_year=2025, tm_mon=5, tm_mday=25, tm_hour=12, tm_min=50, tm_sec=29, tm_wday=6, tm_yday=145, tm_isdst=0) - Start screening for candidate with id: 98686f2d-6d1a-4244-8c5a-f7f0f8836345
[2025-05-25 12:50:37,490: WARNING/ForkPoolWorker-16] Azure communication failed: HTTPConnectionPool(host='azure-mock.local', port=80): Max retries exceeded with url: /api/events (Caused by NameResolutionError("<urllib3.connection.HTTPConnection object at 0x7f2e11ea8830>: Failed to resolve 'azure-mock.local' ([Errno -2] Name or service not known)"))
[2025-05-25 12:50:37,496: INFO/ForkPoolWorker-16] Task screening.tasks.run_screening[ff8b04bb-bfb3-403f-a99d-e32651639eb0] succeeded in 7.87363458999971s: 'time.struct_time(tm_year=2025, tm_mon=5, tm_mday=25, tm_hour=12, tm_min=50, tm_sec=37, tm_wday=6, tm_yday=145, tm_isdst=0) - Screening complete for candidate with id: 98686f2d-6d1a-4244-8c5a-f7f0f8836345'
[2025-05-25 12:50:53,119: INFO/MainProcess] Task screening.tasks.run_screening[6309803f-6816-42fe-9203-5483fc519674] received
[2025-05-25 12:50:53,121: WARNING/ForkPoolWorker-16] time.struct_time(tm_year=2025, tm_mon=5, tm_mday=25, tm_hour=12, tm_min=50, tm_sec=53, tm_wday=6, tm_yday=145, tm_isdst=0) - Start screening for candidate with id: 568e95d5-d2d7-4e8d-bcee-5b104d0489fc
[2025-05-25 12:50:57,101: WARNING/ForkPoolWorker-16] Azure communication failed: HTTPConnectionPool(host='azure-mock.local', port=80): Max retries exceeded with url: /api/events (Caused by NameResolutionError("<urllib3.connection.HTTPConnection object at 0x7f2e11eab650>: Failed to resolve 'azure-mock.local' ([Errno -2] Name or service not known)"))
[2025-05-25 12:50:57,103: INFO/ForkPoolWorker-16] Task screening.tasks.run_screening[6309803f-6816-42fe-9203-5483fc519674] succeeded in 3.984364240001014s: 'time.struct_time(tm_year=2025, tm_mon=5, tm_mday=25, tm_hour=12, tm_min=50, tm_sec=57, tm_wday=6, tm_yday=145, tm_isdst=0) - Screening complete for candidate with id: 568e95d5-d2d7-4e8d-bcee-5b104d0489fc'
/usr/local/lib/python3.12/site-packages/celery/platforms.py:841: SecurityWarning: You're running the worker with superuser privileges: this is
absolutely not recommended!

Please specify a different user using the --uid option.

User information: uid=0 euid=0 gid=0 egid=0

  warnings.warn(SecurityWarning(ROOT_DISCOURAGED.format(
 
 -------------- celery@bd47e3f77390 v5.5.2 (immunity)
--- ***** ----- 
-- ******* ---- Linux-5.15.167.4-microsoft-standard-WSL2-x86_64-with-glibc2.36 2025-05-25 12:51:55
- *** --- * --- 
- ** ---------- [config]
- ** ---------- .> app:         app:0x7f3de87385f0
- ** ---------- .> transport:   redis://redis:6379/0
- ** ---------- .> results:     redis://redis:6379/0
- *** --- * --- .> concurrency: 20 (prefork)
-- ******* ---- .> task events: OFF (enable -E to monitor tasks in this worker)
--- ***** ----- 
 -------------- [queues]
                .> celery           exchange=celery(direct) key=celery
                

[tasks]
  . screening.tasks.run_screening
  . screening.tasks.test_task

[2025-05-25 12:51:56,640: INFO/MainProcess] Connected to redis://redis:6379/0
[2025-05-25 12:51:56,649: INFO/MainProcess] mingle: searching for neighbors
[2025-05-25 12:51:57,662: INFO/MainProcess] mingle: all alone
[2025-05-25 12:51:57,701: INFO/MainProcess] celery@bd47e3f77390 ready.
[2025-05-25 12:52:01,067: INFO/MainProcess] Task screening.tasks.run_screening[665b5316-87ed-430b-af29-700746f0b2ed] received
[2025-05-25 12:52:01,069: WARNING/ForkPoolWorker-16] time.struct_time(tm_year=2025, tm_mon=5, tm_mday=25, tm_hour=12, tm_min=52, tm_sec=1, tm_wday=6, tm_yday=145, tm_isdst=0) - Start screening for candidate with id: 1e97ab02-c85d-42c1-95ca-9eb7731a6521
[2025-05-25 12:52:05,126: WARNING/ForkPoolWorker-16] Azure communication failed: HTTPConnectionPool(host='azure-mock.local', port=80): Max retries exceeded with url: /api/events (Caused by NameResolutionError("<urllib3.connection.HTTPConnection object at 0x7f3de53d1f10>: Failed to resolve 'azure-mock.local' ([Errno -2] Name or service not known)"))
[2025-05-25 12:52:05,132: INFO/ForkPoolWorker-16] Task screening.tasks.run_screening[665b5316-87ed-430b-af29-700746f0b2ed] succeeded in 4.062978617999761s: 'time.struct_time(tm_year=2025, tm_mon=5, tm_mday=25, tm_hour=12, tm_min=52, tm_sec=5, tm_wday=6, tm_yday=145, tm_isdst=0) - Screening complete for candidate with id: 1e97ab02-c85d-42c1-95ca-9eb7731a6521'
[2025-05-25 12:52:48,854: INFO/MainProcess] Task screening.tasks.run_screening[f9aa08d1-50d2-41f0-983b-41e5a96f368c] received
[2025-05-25 12:52:48,857: WARNING/ForkPoolWorker-16] time.struct_time(tm_year=2025, tm_mon=5, tm_mday=25, tm_hour=12, tm_min=52, tm_sec=48, tm_wday=6, tm_yday=145, tm_isdst=0) - Start screening for candidate with id: 86a9f022-45c5-4561-83d5-4f8c135d5cd9
[2025-05-25 12:52:52,871: WARNING/ForkPoolWorker-16] Azure communication failed: HTTPConnectionPool(host='azure-mock.local', port=80): Max retries exceeded with url: /api/events (Caused by NameResolutionError("<urllib3.connection.HTTPConnection object at 0x7f3de53d3bf0>: Failed to resolve 'azure-mock.local' ([Errno -2] Name or service not known)"))
[2025-05-25 12:52:52,873: INFO/ForkPoolWorker-16] Task screening.tasks.run_screening[f9aa08d1-50d2-41f0-983b-41e5a96f368c] succeeded in 4.0160806409985526s: 'time.struct_time(tm_year=2025, tm_mon=5, tm_mday=25, tm_hour=12, tm_min=52, tm_sec=52, tm_wday=6, tm_yday=145, tm_isdst=0) - Screening complete for candidate with id: 86a9f022-45c5-4561-83d5-4f8c135d5cd9'
